MPLINK 4.32, Linker
Linker Map File - Created Wed Jan 29 14:23:21 2014

                                 Section Info
                  Section       Type    Address   Location Size(Bytes)
                ---------  ---------  ---------  ---------  ---------
               _entry_scn       code   0x000000    program   0x000006
           .code___init.o       code   0x000006    program   0x000002
      InterruptVectorHigh       code   0x000008    program   0x000180
                   .cinit    romdata   0x000188    program   0x00000e
         .code_vfprintf.o       code   0x000196    program   0x000c22
      .code_XLCD_PICDEM.o       code   0x000db8    program   0x0000e0
         .code_openxlcd.o       code   0x000e98    program   0x0000de
           .code_Geiger.o       code   0x000f76    program   0x0000da
               _cinit_scn       code   0x001050    program   0x00009e
           .code_printf.o       code   0x0010ee    program   0x000098
             .code_putc.o       code   0x001186    program   0x000084
            .code_uopen.o       code   0x00120a    program   0x00007a
          .code_fxm3232.o       code   0x001284    program   0x000070
                   STRING       code   0x0012f4    program   0x000066
                     PROG       code   0x00135a    program   0x00005a
         .code_setddram.o       code   0x0013b4    program   0x000052
         .code_setcgram.o       code   0x001406    program   0x000052
         .code_putrxlcd.o       code   0x001458    program   0x000052
         .code_writdata.o       code   0x0014aa    program   0x00004e
         .code_wcmdxlcd.o       code   0x0014f8    program   0x00004e
         .code_putsxlcd.o       code   0x001546    program   0x00004e
          .code_rb1open.o       code   0x001594    program   0x00004a
         .code_fxd3232u.o       code   0x0015de    program   0x000048
         .code_readdata.o       code   0x001626    program   0x000046
         .code_readaddr.o       code   0x00166c    program   0x000046
         .code_busyxlcd.o       code   0x0016b2    program   0x00003e
          .code_t0write.o       code   0x0016f0    program   0x000038
           .code_t0open.o       code   0x001728    program   0x000038
             D10KTCYXCODE       code   0x001760    program   0x00002e
                    CTYPE       code   0x00178e    program   0x000024
              D1KTCYXCODE       code   0x0017b2    program   0x000020
             .stringtable    romdata   0x0017d2    program   0x00001f
          .idata_putc.o_i    romdata   0x0017f1    program   0x000000
   .idata_XLCD_PICDEM.o_i    romdata   0x0017f1    program   0x000000
       .romdata_fxm3232.o    romdata   0x0017f1    program   0x000000
       .romdata_rb1open.o    romdata   0x0017f1    program   0x000000
        .idata_t0open.o_i    romdata   0x0017f1    program   0x000000
        .romdata_t0open.o    romdata   0x0017f1    program   0x000000
         .idata_uopen.o_i    romdata   0x0017f1    program   0x000000
         .romdata_uopen.o    romdata   0x0017f1    program   0x000000
      .idata_fxd3232u.o_i    romdata   0x0017f1    program   0x000000
        .romdata___init.o    romdata   0x0017f1    program   0x000000
        .romdata_printf.o    romdata   0x0017f1    program   0x000000
      .idata_openxlcd.o_i    romdata   0x0017f1    program   0x000000
      .romdata_putrxlcd.o    romdata   0x0017f1    program   0x000000
      .idata_putsxlcd.o_i    romdata   0x0017f1    program   0x000000
      .idata_busyxlcd.o_i    romdata   0x0017f1    program   0x000000
      .idata_readaddr.o_i    romdata   0x0017f1    program   0x000000
      .romdata_readdata.o    romdata   0x0017f1    program   0x000000
      .idata_setcgram.o_i    romdata   0x0017f1    program   0x000000
        .romdata_Geiger.o    romdata   0x0017f1    program   0x000000
      .romdata_writdata.o    romdata   0x0017f1    program   0x000000
         .romdata_c018i.o    romdata   0x0017f1    program   0x000000
      .idata_wcmdxlcd.o_i    romdata   0x0017f1    program   0x000000
      .romdata_setddram.o    romdata   0x0017f1    program   0x000000
           .code_stdout.o       code   0x0017f2    program   0x000000
             _startup_scn       code   0x0017f2    program   0x00001c
                    STDIO       code   0x00180e    program   0x00001c
              D10TCYXCODE       code   0x00182a    program   0x000016
      .romdata_vfprintf.o    romdata   0x001840    program   0x000011
       .idata_fxm3232.o_i    romdata   0x001851    program   0x000000
      .romdata_fxd3232u.o    romdata   0x001851    program   0x000000
          .romdata_putc.o    romdata   0x001851    program   0x000000
      .idata_vfprintf.o_i    romdata   0x001851    program   0x000000
         .idata_c018i.o_i    romdata   0x001851    program   0x000000
        .idata_Geiger.o_i    romdata   0x001851    program   0x000000
        .romdata_stdout.o    romdata   0x001851    program   0x000000
      .romdata_busyxlcd.o    romdata   0x001851    program   0x000000
      .idata_writdata.o_i    romdata   0x001851    program   0x000000
      .romdata_wcmdxlcd.o    romdata   0x001851    program   0x000000
   .romdata_XLCD_PICDEM.o    romdata   0x001851    program   0x000000
      .idata_setddram.o_i    romdata   0x001851    program   0x000000
       .idata_rb1open.o_i    romdata   0x001851    program   0x000000
      .romdata_setcgram.o    romdata   0x001851    program   0x000000
      .idata_readdata.o_i    romdata   0x001851    program   0x000000
      .romdata_readaddr.o    romdata   0x001851    program   0x000000
      .romdata_putsxlcd.o    romdata   0x001851    program   0x000000
       .idata_t0write.o_i    romdata   0x001851    program   0x000000
       .romdata_t0write.o    romdata   0x001851    program   0x000000
        .idata___init.o_i    romdata   0x001851    program   0x000000
      .idata_putrxlcd.o_i    romdata   0x001851    program   0x000000
      .romdata_openxlcd.o    romdata   0x001851    program   0x000000
        .idata_printf.o_i    romdata   0x001851    program   0x000000
                    .code       code   0x001852    program   0x00000e
            .code_c018i.o       code   0x001852    program   0x000000
        .idata_stdout.o_i    romdata   0x001860    program   0x000002
  .config_300001_Geiger.o    romdata   0x300001    program   0x000001
  .config_300002_Geiger.o    romdata   0x300002    program   0x000001
  .config_300003_Geiger.o    romdata   0x300003    program   0x000001
  .config_300006_Geiger.o    romdata   0x300006    program   0x000001
                MATH_DATA      udata   0x000000       data   0x000014
                 .tmpdata      udata   0x000014       data   0x000007
                DELAYDAT2      udata   0x00001b       data   0x000001
                DELAYDAT1      udata   0x00001c       data   0x000001
           .udata_c018i.o      udata   0x000080       data   0x00000a
          .udata_Geiger.o      udata   0x00008a       data   0x000006
          .idata_stdout.o      idata   0x000090       data   0x000002
            .idata_putc.o      idata   0x000092       data   0x000000
         .udata_rb1open.o      udata   0x000092       data   0x000000
         .idata_rb1open.o      idata   0x000092       data   0x000000
          .udata_t0open.o      udata   0x000092       data   0x000000
          .idata_t0open.o      idata   0x000092       data   0x000000
           .udata_uopen.o      udata   0x000092       data   0x000000
           .idata_uopen.o      idata   0x000092       data   0x000000
         .udata_t0write.o      udata   0x000092       data   0x000000
         .idata_t0write.o      idata   0x000092       data   0x000000
          .udata___init.o      udata   0x000092       data   0x000000
          .idata___init.o      idata   0x000092       data   0x000000
          .udata_printf.o      udata   0x000092       data   0x000000
          .idata_printf.o      idata   0x000092       data   0x000000
          .udata_stdout.o      udata   0x000092       data   0x000000
        .udata_vfprintf.o      udata   0x000092       data   0x000000
        .idata_vfprintf.o      idata   0x000092       data   0x000000
        .udata_fxd3232u.o      udata   0x000092       data   0x000000
        .idata_fxd3232u.o      idata   0x000092       data   0x000000
         .udata_fxm3232.o      udata   0x000092       data   0x000000
         .idata_fxm3232.o      idata   0x000092       data   0x000000
            .udata_putc.o      udata   0x000092       data   0x000000
           .idata_c018i.o      idata   0x000092       data   0x000000
          .idata_Geiger.o      idata   0x000092       data   0x000000
        .udata_busyxlcd.o      udata   0x000092       data   0x000000
        .idata_busyxlcd.o      idata   0x000092       data   0x000000
        .udata_openxlcd.o      udata   0x000092       data   0x000000
        .idata_openxlcd.o      idata   0x000092       data   0x000000
        .udata_putrxlcd.o      udata   0x000092       data   0x000000
        .idata_putrxlcd.o      idata   0x000092       data   0x000000
        .udata_putsxlcd.o      udata   0x000092       data   0x000000
        .idata_putsxlcd.o      idata   0x000092       data   0x000000
        .udata_readaddr.o      udata   0x000092       data   0x000000
        .idata_readaddr.o      idata   0x000092       data   0x000000
        .udata_readdata.o      udata   0x000092       data   0x000000
        .idata_readdata.o      idata   0x000092       data   0x000000
        .udata_setcgram.o      udata   0x000092       data   0x000000
        .idata_setcgram.o      idata   0x000092       data   0x000000
        .udata_setddram.o      udata   0x000092       data   0x000000
        .idata_setddram.o      idata   0x000092       data   0x000000
        .udata_wcmdxlcd.o      udata   0x000092       data   0x000000
        .idata_wcmdxlcd.o      idata   0x000092       data   0x000000
        .udata_writdata.o      udata   0x000092       data   0x000000
        .idata_writdata.o      idata   0x000092       data   0x000000
     .udata_XLCD_PICDEM.o      udata   0x000092       data   0x000000
     .idata_XLCD_PICDEM.o      idata   0x000092       data   0x000000
                   .stack      udata   0x000400       data   0x000100
            SFR_UNBANKED0      udata   0x000f80       data   0x000080



                              Program Memory Usage 
                               Start         End      
                           ---------   ---------      
                            0x000000    0x0017f0      
                            0x0017f2    0x001850      
                            0x001852    0x001861      
                            0x300001    0x300003      
                            0x300006    0x300006      
            6244 out of 33048 program addresses used, program memory utilization is 18%



                              Symbols - Sorted by Name
                     Name    Address   Location    Storage File                     
                ---------  ---------  ---------  --------- ---------                
                 BusyXLCD   0x0016b2    program     extern Z:\Compteur Geiger\XLCD\busyxlcd.c
          Configure_USART   0x000f76    program     extern Z:\Compteur Geiger\Geiger.c
                   D10K_1   0x00176c    program     static C:\MCC18\src\traditional\delays\d10ktcyx.asm
                    D10Kl   0x001778    program     static C:\MCC18\src\traditional\delays\d10ktcyx.asm
                    D10Kx   0x00176a    program     static C:\MCC18\src\traditional\delays\d10ktcyx.asm
                    D10_1   0x00183a    program     static C:\MCC18\src\traditional\delays\d10tcyx.asm
                     D10x   0x001832    program     static C:\MCC18\src\traditional\delays\d10tcyx.asm
                    D1K_1   0x0017be    program     static C:\MCC18\src\traditional\delays\d1ktcyx.asm
                     D1Kx   0x0017bc    program     static C:\MCC18\src\traditional\delays\d1ktcyx.asm
             Delay10KTCYx   0x001760    program     extern C:\MCC18\src\traditional\delays\d10ktcyx.asm
              Delay10TCYx   0x00182a    program     extern C:\MCC18\src\traditional\delays\d10tcyx.asm
              Delay1KTCYx   0x0017b2    program     extern C:\MCC18\src\traditional\delays\d1ktcyx.asm
            DelayFor18TCY   0x000db8    program     extern Z:\Compteur Geiger\XLCD_PICDEM.c
             DelayPORXLCD   0x000dc4    program     extern Z:\Compteur Geiger\XLCD_PICDEM.c
                DelayXLCD   0x000dd0    program     extern Z:\Compteur Geiger\XLCD_PICDEM.c
                 FXD3232U   0x0015de    program     extern C:\MCC18\src\traditional\math\fxd3232u.c
                 FXM1616S   0x00135a    program     extern C:\MCC18\src\traditional\math\fxm1616s.asm
                  FXM3232   0x001284    program     extern C:\MCC18\src\traditional\math\fxm3232.c
                   Gotoxy   0x000ddc    program     extern Z:\Compteur Geiger\XLCD_PICDEM.c
                 ISR_HIGH   0x000f8c    program     extern Z:\Compteur Geiger\Geiger.c
                  InitLCD   0x000e54    program     extern Z:\Compteur Geiger\XLCD_PICDEM.c
      InterruptVectorHigh   0x000008    program     extern Z:\Compteur Geiger\Geiger.c
               OpenRB1INT   0x001594    program     extern C:\MCC18\src\pmc_common\PORTB\rb1open.c
               OpenTimer0   0x001728    program     extern C:\MCC18\src\pmc_common\Timers\t0open.c
                OpenUSART   0x00120a    program     extern C:\MCC18\src\pmc_common\USART\uopen.c
                 OpenXLCD   0x000e98    program     extern Z:\Compteur Geiger\XLCD\openxlcd.c
             ReadAddrXLCD   0x00166c    program     extern Z:\Compteur Geiger\XLCD\readaddr.c
             ReadDataXLCD   0x001626    program     extern Z:\Compteur Geiger\XLCD\readdata.c
             SetCGRamAddr   0x001406    program     extern Z:\Compteur Geiger\XLCD\setcgram.c
             SetDDRamAddr   0x0013b4    program     extern Z:\Compteur Geiger\XLCD\setddram.c
               TSIGN1616A   0x0013a6    program     static C:\MCC18\src\traditional\math\fxm1616s.asm
             WriteCmdXLCD   0x0014f8    program     extern Z:\Compteur Geiger\XLCD\wcmdxlcd.c
            WriteDataXLCD   0x0014aa    program     extern Z:\Compteur Geiger\XLCD\writdata.c
              WriteTimer0   0x0016f0    program     extern C:\MCC18\src\pmc_common\Timers\t0write.c
                   _2jEnd   0x001344    program     static C:\MCC18\src\traditional\stdclib\slenpgm.asm
       _D10KTCYXCODE_0010   0x001770    program     static C:\MCC18\src\traditional\delays\d10ktcyx.asm
       _D10KTCYXCODE_001C   0x00177c    program     static C:\MCC18\src\traditional\delays\d10ktcyx.asm
        _D10TCYXCODE_000A   0x001834    program     static C:\MCC18\src\traditional\delays\d10tcyx.asm
        _D10TCYXCODE_000C   0x001836    program     static C:\MCC18\src\traditional\delays\d10tcyx.asm
        _D10TCYXCODE_000E   0x001838    program     static C:\MCC18\src\traditional\delays\d10tcyx.asm
        _D1KTCYXCODE_0010   0x0017c2    program     static C:\MCC18\src\traditional\delays\d1ktcyx.asm
        _D1KTCYXCODE_0016   0x0017c8    program     static C:\MCC18\src\traditional\delays\d1ktcyx.asm
       ___return_lbl00000   0x0012f2    program     static                          
       ___return_lbl00000   0x000004    program     static                          
       ___return_lbl00000   0x001624    program     static                          
       ___return_lbl00001   0x00180c    program     static                          
       ___return_lbl00002   0x0010ec    program     static                          
       ___return_lbl00004   0x00000c    program     static                          
               __config_0   0x300001    program     static Z:\Compteur Geiger\Geiger.c
               __config_1   0x300002    program     static Z:\Compteur Geiger\Geiger.c
               __config_2   0x300003    program     static Z:\Compteur Geiger\Geiger.c
               __config_3   0x300006    program     static Z:\Compteur Geiger\Geiger.c
                   __init   0x000006    program     extern C:\MCC18\src\traditional\stdclib\__init.c
                   __pa_0   0x000ad6    program     static C:\MCC18\src\traditional\stdclib\vfprintf.c
                   __pa_1   0x000ade    program     static C:\MCC18\src\traditional\stdclib\vfprintf.c
                  __pa_10   0x000b92    program     static C:\MCC18\src\traditional\stdclib\vfprintf.c
                  __pa_11   0x000ba0    program     static C:\MCC18\src\traditional\stdclib\vfprintf.c
                  __pa_12   0x000bb6    program     static C:\MCC18\src\traditional\stdclib\vfprintf.c
                  __pa_13   0x000bd0    program     static C:\MCC18\src\traditional\stdclib\vfprintf.c
                  __pa_14   0x000be8    program     static C:\MCC18\src\traditional\stdclib\vfprintf.c
                  __pa_15   0x000bf8    program     static C:\MCC18\src\traditional\stdclib\vfprintf.c
                  __pa_16   0x000c0e    program     static C:\MCC18\src\traditional\stdclib\vfprintf.c
                  __pa_17   0x000c20    program     static C:\MCC18\src\traditional\stdclib\vfprintf.c
                  __pa_18   0x000c32    program     static C:\MCC18\src\traditional\stdclib\vfprintf.c
                  __pa_19   0x000c3c    program     static C:\MCC18\src\traditional\stdclib\vfprintf.c
                   __pa_2   0x000ae8    program     static C:\MCC18\src\traditional\stdclib\vfprintf.c
                  __pa_20   0x000c4c    program     static C:\MCC18\src\traditional\stdclib\vfprintf.c
                  __pa_21   0x000c5c    program     static C:\MCC18\src\traditional\stdclib\vfprintf.c
                  __pa_22   0x000c6c    program     static C:\MCC18\src\traditional\stdclib\vfprintf.c
                  __pa_23   0x000c78    program     static C:\MCC18\src\traditional\stdclib\vfprintf.c
                  __pa_24   0x000c86    program     static C:\MCC18\src\traditional\stdclib\vfprintf.c
                  __pa_25   0x000c8e    program     static C:\MCC18\src\traditional\stdclib\vfprintf.c
                  __pa_26   0x000c98    program     static C:\MCC18\src\traditional\stdclib\vfprintf.c
                  __pa_27   0x000ca2    program     static C:\MCC18\src\traditional\stdclib\vfprintf.c
                  __pa_28   0x000caa    program     static C:\MCC18\src\traditional\stdclib\vfprintf.c
                  __pa_29   0x000cb8    program     static C:\MCC18\src\traditional\stdclib\vfprintf.c
                   __pa_3   0x000af2    program     static C:\MCC18\src\traditional\stdclib\vfprintf.c
                  __pa_30   0x000cd4    program     static C:\MCC18\src\traditional\stdclib\vfprintf.c
                  __pa_31   0x000cee    program     static C:\MCC18\src\traditional\stdclib\vfprintf.c
                  __pa_32   0x000d08    program     static C:\MCC18\src\traditional\stdclib\vfprintf.c
                  __pa_33   0x000d20    program     static C:\MCC18\src\traditional\stdclib\vfprintf.c
                  __pa_34   0x000d2a    program     static C:\MCC18\src\traditional\stdclib\vfprintf.c
                  __pa_35   0x000d38    program     static C:\MCC18\src\traditional\stdclib\vfprintf.c
                  __pa_36   0x000d40    program     static C:\MCC18\src\traditional\stdclib\vfprintf.c
                  __pa_37   0x000d4a    program     static C:\MCC18\src\traditional\stdclib\vfprintf.c
                  __pa_38   0x000d5a    program     static C:\MCC18\src\traditional\stdclib\vfprintf.c
                  __pa_39   0x000d68    program     static C:\MCC18\src\traditional\stdclib\vfprintf.c
                   __pa_4   0x000b0a    program     static C:\MCC18\src\traditional\stdclib\vfprintf.c
                  __pa_40   0x000d74    program     static C:\MCC18\src\traditional\stdclib\vfprintf.c
                  __pa_41   0x000d80    program     static C:\MCC18\src\traditional\stdclib\vfprintf.c
                  __pa_42   0x000d88    program     static C:\MCC18\src\traditional\stdclib\vfprintf.c
                  __pa_43   0x000d92    program     static C:\MCC18\src\traditional\stdclib\vfprintf.c
                  __pa_44   0x000d98    program     static C:\MCC18\src\traditional\stdclib\vfprintf.c
                  __pa_45   0x000da2    program     static C:\MCC18\src\traditional\stdclib\vfprintf.c
                  __pa_46   0x000dae    program     static C:\MCC18\src\traditional\stdclib\vfprintf.c
                   __pa_5   0x000b1e    program     static C:\MCC18\src\traditional\stdclib\vfprintf.c
                   __pa_6   0x000b3a    program     static C:\MCC18\src\traditional\stdclib\vfprintf.c
                   __pa_7   0x000b44    program     static C:\MCC18\src\traditional\stdclib\vfprintf.c
                   __pa_8   0x000b50    program     static C:\MCC18\src\traditional\stdclib\vfprintf.c
                   __pa_9   0x000b72    program     static C:\MCC18\src\traditional\stdclib\vfprintf.c
               __string_0   0x0017ea    program     static Z:\Compteur Geiger\Geiger.c
               __string_1   0x0017e0    program     static Z:\Compteur Geiger\Geiger.c
               __string_2   0x0017d9    program     static Z:\Compteur Geiger\Geiger.c
               __string_3   0x0017d2    program     static Z:\Compteur Geiger\Geiger.c
              __tmplbl_42   0x000c6c    program     static                          
              __tmplbl_43   0x000ab4    program     static                          
              __tmplbl_44   0x000a9a    program     static                          
              __tmplbl_85   0x0001ec    program     static                          
            __zero_memory   0x001852    program     extern C:\MCC18\src\traditional\proc\p18F452.asm
                _do_cinit   0x001050    program     extern C:\MCC18\src\traditional\startup\c018i.c
                   _entry   0x000000    program     extern C:\MCC18\src\traditional\startup\c018i.c
                   _false   0x001620    program     static                          
                 _startup   0x0017f2    program     extern C:\MCC18\src\traditional\startup\c018i.c
              _usart_putc   0x00180e    program     extern C:\MCC18\src\pmc_common\USART\_usartpc.asm
               _user_putc   0x000e2e    program     extern Z:\Compteur Geiger\XLCD_PICDEM.c
               clear_loop   0x001858    program     static C:\MCC18\src\traditional\proc\p18F452.asm
                copy_loop   0x0010c2    program     static                          
            copy_one_byte   0x0010c8    program     static                          
                     done   0x0010ec    program     static                          
             done_copying   0x0010d6    program     static                          
                  isdigit   0x00178e    program     extern C:\MCC18\src\traditional\stdclib\isdigit.asm
                     jEnd   0x00130e    program     static C:\MCC18\src\traditional\stdclib\strlen.asm
                     jEnd   0x001346    program     static C:\MCC18\src\traditional\stdclib\slenpgm.asm
                    jLoop   0x00132e    program     static C:\MCC18\src\traditional\stdclib\slenpgm.asm
                    jLoop   0x001304    program     static C:\MCC18\src\traditional\stdclib\strlen.asm
                   jMatch   0x0017ae    program     static C:\MCC18\src\traditional\stdclib\isdigit.asm
                 jNoMatch   0x0017b0    program     static C:\MCC18\src\traditional\stdclib\isdigit.asm
                     loop   0x001802    program     static                          
                     loop   0x00181e    program     static C:\MCC18\src\pmc_common\USART\_usartpc.asm
                     loop   0x0015ec    program     static                          
                     main   0x00000e    program     extern Z:\Compteur Geiger\Geiger.c
                   printf   0x0010ee    program     extern C:\MCC18\src\traditional\stdclib\printf.c
                     putc   0x001186    program     extern C:\MCC18\src\traditional\stdclib\putc.c
                putrsXLCD   0x001458    program     extern Z:\Compteur Geiger\XLCD\putrxlcd.c
                 putsXLCD   0x001546    program     extern Z:\Compteur Geiger\XLCD\putsxlcd.c
                 s_digits   0x001840    program     static C:\MCC18\src\traditional\stdclib\vfprintf.c
            s_put_n_chars   0x000196    program     static C:\MCC18\src\traditional\stdclib\vfprintf.c
                   strlen   0x0012f4    program     extern C:\MCC18\src\traditional\stdclib\strlen.asm
                strlenpgm   0x001310    program     extern C:\MCC18\src\traditional\stdclib\slenpgm.asm
                     test   0x00106a    program     static                          
                 vfprintf   0x0001c2    program     extern C:\MCC18\src\traditional\stdclib\vfprintf.c
                   ADCON0   0x000fc2       data     extern C:\MCC18\src\traditional\proc\p18F452.asm
               ADCON0bits   0x000fc2       data     extern C:\MCC18\src\traditional\proc\p18F452.asm
                   ADCON1   0x000fc1       data     extern C:\MCC18\src\traditional\proc\p18F452.asm
               ADCON1bits   0x000fc1       data     extern C:\MCC18\src\traditional\proc\p18F452.asm
                    ADRES   0x000fc3       data     extern C:\MCC18\src\traditional\proc\p18F452.asm
                   ADRESH   0x000fc4       data     extern C:\MCC18\src\traditional\proc\p18F452.asm
                   ADRESL   0x000fc3       data     extern C:\MCC18\src\traditional\proc\p18F452.asm
                      BSR   0x000fe0       data     extern C:\MCC18\src\traditional\proc\p18F452.asm
                  CCP1CON   0x000fbd       data     extern C:\MCC18\src\traditional\proc\p18F452.asm
              CCP1CONbits   0x000fbd       data     extern C:\MCC18\src\traditional\proc\p18F452.asm
                  CCP2CON   0x000fba       data     extern C:\MCC18\src\traditional\proc\p18F452.asm
              CCP2CONbits   0x000fba       data     extern C:\MCC18\src\traditional\proc\p18F452.asm
                    CCPR1   0x000fbe       data     extern C:\MCC18\src\traditional\proc\p18F452.asm
                   CCPR1H   0x000fbf       data     extern C:\MCC18\src\traditional\proc\p18F452.asm
                   CCPR1L   0x000fbe       data     extern C:\MCC18\src\traditional\proc\p18F452.asm
                    CCPR2   0x000fbb       data     extern C:\MCC18\src\traditional\proc\p18F452.asm
                   CCPR2H   0x000fbc       data     extern C:\MCC18\src\traditional\proc\p18F452.asm
                   CCPR2L   0x000fbb       data     extern C:\MCC18\src\traditional\proc\p18F452.asm
                      Ctr   0x00008a       data     extern Z:\Compteur Geiger\Geiger.c
                     DDRA   0x000f92       data     extern C:\MCC18\src\traditional\proc\p18F452.asm
                 DDRAbits   0x000f92       data     extern C:\MCC18\src\traditional\proc\p18F452.asm
                     DDRB   0x000f93       data     extern C:\MCC18\src\traditional\proc\p18F452.asm
                 DDRBbits   0x000f93       data     extern C:\MCC18\src\traditional\proc\p18F452.asm
                     DDRC   0x000f94       data     extern C:\MCC18\src\traditional\proc\p18F452.asm
                 DDRCbits   0x000f94       data     extern C:\MCC18\src\traditional\proc\p18F452.asm
                     DDRD   0x000f95       data     extern C:\MCC18\src\traditional\proc\p18F452.asm
                 DDRDbits   0x000f95       data     extern C:\MCC18\src\traditional\proc\p18F452.asm
                     DDRE   0x000f96       data     extern C:\MCC18\src\traditional\proc\p18F452.asm
                 DDREbits   0x000f96       data     extern C:\MCC18\src\traditional\proc\p18F452.asm
            DelayCounter1   0x00001c       data     extern C:\MCC18\src\traditional\delays\delayd1.asm
            DelayCounter2   0x00001b       data     extern C:\MCC18\src\traditional\delays\delayd2.asm
                    EEADR   0x000fa9       data     extern C:\MCC18\src\traditional\proc\p18F452.asm
                   EECON1   0x000fa6       data     extern C:\MCC18\src\traditional\proc\p18F452.asm
               EECON1bits   0x000fa6       data     extern C:\MCC18\src\traditional\proc\p18F452.asm
                   EECON2   0x000fa7       data     extern C:\MCC18\src\traditional\proc\p18F452.asm
                   EEDATA   0x000fa8       data     extern C:\MCC18\src\traditional\proc\p18F452.asm
                     FSR0   0x000fe9       data     extern C:\MCC18\src\traditional\proc\p18F452.asm
                    FSR0H   0x000fea       data     extern C:\MCC18\src\traditional\proc\p18F452.asm
                    FSR0L   0x000fe9       data     extern C:\MCC18\src\traditional\proc\p18F452.asm
                     FSR1   0x000fe1       data     extern C:\MCC18\src\traditional\proc\p18F452.asm
                    FSR1H   0x000fe2       data     extern C:\MCC18\src\traditional\proc\p18F452.asm
                    FSR1L   0x000fe1       data     extern C:\MCC18\src\traditional\proc\p18F452.asm
                     FSR2   0x000fd9       data     extern C:\MCC18\src\traditional\proc\p18F452.asm
                    FSR2H   0x000fda       data     extern C:\MCC18\src\traditional\proc\p18F452.asm
                    FSR2L   0x000fd9       data     extern C:\MCC18\src\traditional\proc\p18F452.asm
                  FlPulse   0x00008c       data     extern Z:\Compteur Geiger\Geiger.c
                  FlTimer   0x00008e       data     extern Z:\Compteur Geiger\Geiger.c
                    INDF0   0x000fef       data     extern C:\MCC18\src\traditional\proc\p18F452.asm
                    INDF1   0x000fe7       data     extern C:\MCC18\src\traditional\proc\p18F452.asm
                    INDF2   0x000fdf       data     extern C:\MCC18\src\traditional\proc\p18F452.asm
                   INTCON   0x000ff2       data     extern C:\MCC18\src\traditional\proc\p18F452.asm
                  INTCON2   0x000ff1       data     extern C:\MCC18\src\traditional\proc\p18F452.asm
              INTCON2bits   0x000ff1       data     extern C:\MCC18\src\traditional\proc\p18F452.asm
                  INTCON3   0x000ff0       data     extern C:\MCC18\src\traditional\proc\p18F452.asm
              INTCON3bits   0x000ff0       data     extern C:\MCC18\src\traditional\proc\p18F452.asm
               INTCONbits   0x000ff2       data     extern C:\MCC18\src\traditional\proc\p18F452.asm
                     IPR1   0x000f9f       data     extern C:\MCC18\src\traditional\proc\p18F452.asm
                 IPR1bits   0x000f9f       data     extern C:\MCC18\src\traditional\proc\p18F452.asm
                     IPR2   0x000fa2       data     extern C:\MCC18\src\traditional\proc\p18F452.asm
                 IPR2bits   0x000fa2       data     extern C:\MCC18\src\traditional\proc\p18F452.asm
                     LATA   0x000f89       data     extern C:\MCC18\src\traditional\proc\p18F452.asm
                 LATAbits   0x000f89       data     extern C:\MCC18\src\traditional\proc\p18F452.asm
                     LATB   0x000f8a       data     extern C:\MCC18\src\traditional\proc\p18F452.asm
                 LATBbits   0x000f8a       data     extern C:\MCC18\src\traditional\proc\p18F452.asm
                     LATC   0x000f8b       data     extern C:\MCC18\src\traditional\proc\p18F452.asm
                 LATCbits   0x000f8b       data     extern C:\MCC18\src\traditional\proc\p18F452.asm
                     LATD   0x000f8c       data     extern C:\MCC18\src\traditional\proc\p18F452.asm
                 LATDbits   0x000f8c       data     extern C:\MCC18\src\traditional\proc\p18F452.asm
                     LATE   0x000f8d       data     extern C:\MCC18\src\traditional\proc\p18F452.asm
                 LATEbits   0x000f8d       data     extern C:\MCC18\src\traditional\proc\p18F452.asm
                   LVDCON   0x000fd2       data     extern C:\MCC18\src\traditional\proc\p18F452.asm
               LVDCONbits   0x000fd2       data     extern C:\MCC18\src\traditional\proc\p18F452.asm
                   OSCCON   0x000fd3       data     extern C:\MCC18\src\traditional\proc\p18F452.asm
               OSCCONbits   0x000fd3       data     extern C:\MCC18\src\traditional\proc\p18F452.asm
                       PC   0x000ff9       data     extern C:\MCC18\src\traditional\proc\p18F452.asm
                      PCL   0x000ff9       data     extern C:\MCC18\src\traditional\proc\p18F452.asm
                   PCLATH   0x000ffa       data     extern C:\MCC18\src\traditional\proc\p18F452.asm
                   PCLATU   0x000ffb       data     extern C:\MCC18\src\traditional\proc\p18F452.asm
                     PIE1   0x000f9d       data     extern C:\MCC18\src\traditional\proc\p18F452.asm
                 PIE1bits   0x000f9d       data     extern C:\MCC18\src\traditional\proc\p18F452.asm
                     PIE2   0x000fa0       data     extern C:\MCC18\src\traditional\proc\p18F452.asm
                 PIE2bits   0x000fa0       data     extern C:\MCC18\src\traditional\proc\p18F452.asm
                     PIR1   0x000f9e       data     extern C:\MCC18\src\traditional\proc\p18F452.asm
                 PIR1bits   0x000f9e       data     extern C:\MCC18\src\traditional\proc\p18F452.asm
                     PIR2   0x000fa1       data     extern C:\MCC18\src\traditional\proc\p18F452.asm
                 PIR2bits   0x000fa1       data     extern C:\MCC18\src\traditional\proc\p18F452.asm
                   PLUSW0   0x000feb       data     extern C:\MCC18\src\traditional\proc\p18F452.asm
                   PLUSW1   0x000fe3       data     extern C:\MCC18\src\traditional\proc\p18F452.asm
                   PLUSW2   0x000fdb       data     extern C:\MCC18\src\traditional\proc\p18F452.asm
                    PORTA   0x000f80       data     extern C:\MCC18\src\traditional\proc\p18F452.asm
                PORTAbits   0x000f80       data     extern C:\MCC18\src\traditional\proc\p18F452.asm
                    PORTB   0x000f81       data     extern C:\MCC18\src\traditional\proc\p18F452.asm
                PORTBbits   0x000f81       data     extern C:\MCC18\src\traditional\proc\p18F452.asm
                    PORTC   0x000f82       data     extern C:\MCC18\src\traditional\proc\p18F452.asm
                PORTCbits   0x000f82       data     extern C:\MCC18\src\traditional\proc\p18F452.asm
                    PORTD   0x000f83       data     extern C:\MCC18\src\traditional\proc\p18F452.asm
                PORTDbits   0x000f83       data     extern C:\MCC18\src\traditional\proc\p18F452.asm
                    PORTE   0x000f84       data     extern C:\MCC18\src\traditional\proc\p18F452.asm
                PORTEbits   0x000f84       data     extern C:\MCC18\src\traditional\proc\p18F452.asm
                 POSTDEC0   0x000fed       data     extern C:\MCC18\src\traditional\proc\p18F452.asm
                 POSTDEC1   0x000fe5       data     extern C:\MCC18\src\traditional\proc\p18F452.asm
                 POSTDEC2   0x000fdd       data     extern C:\MCC18\src\traditional\proc\p18F452.asm
                 POSTINC0   0x000fee       data     extern C:\MCC18\src\traditional\proc\p18F452.asm
                 POSTINC1   0x000fe6       data     extern C:\MCC18\src\traditional\proc\p18F452.asm
                 POSTINC2   0x000fde       data     extern C:\MCC18\src\traditional\proc\p18F452.asm
                      PR2   0x000fcb       data     extern C:\MCC18\src\traditional\proc\p18F452.asm
                  PREINC0   0x000fec       data     extern C:\MCC18\src\traditional\proc\p18F452.asm
                  PREINC1   0x000fe4       data     extern C:\MCC18\src\traditional\proc\p18F452.asm
                  PREINC2   0x000fdc       data     extern C:\MCC18\src\traditional\proc\p18F452.asm
                     PROD   0x000ff3       data     extern C:\MCC18\src\traditional\proc\p18F452.asm
                    PRODH   0x000ff4       data     extern C:\MCC18\src\traditional\proc\p18F452.asm
                    PRODL   0x000ff3       data     extern C:\MCC18\src\traditional\proc\p18F452.asm
                     RCON   0x000fd0       data     extern C:\MCC18\src\traditional\proc\p18F452.asm
                 RCONbits   0x000fd0       data     extern C:\MCC18\src\traditional\proc\p18F452.asm
                    RCREG   0x000fae       data     extern C:\MCC18\src\traditional\proc\p18F452.asm
                    RCSTA   0x000fab       data     extern C:\MCC18\src\traditional\proc\p18F452.asm
                RCSTAbits   0x000fab       data     extern C:\MCC18\src\traditional\proc\p18F452.asm
                     SIGN   0x000000       data     extern C:\MCC18\src\traditional\math\cmath18.asm
                    SPBRG   0x000faf       data     extern C:\MCC18\src\traditional\proc\p18F452.asm
                   SSPADD   0x000fc8       data     extern C:\MCC18\src\traditional\proc\p18F452.asm
                   SSPBUF   0x000fc9       data     extern C:\MCC18\src\traditional\proc\p18F452.asm
                  SSPCON1   0x000fc6       data     extern C:\MCC18\src\traditional\proc\p18F452.asm
              SSPCON1bits   0x000fc6       data     extern C:\MCC18\src\traditional\proc\p18F452.asm
                  SSPCON2   0x000fc5       data     extern C:\MCC18\src\traditional\proc\p18F452.asm
              SSPCON2bits   0x000fc5       data     extern C:\MCC18\src\traditional\proc\p18F452.asm
                  SSPSTAT   0x000fc7       data     extern C:\MCC18\src\traditional\proc\p18F452.asm
              SSPSTATbits   0x000fc7       data     extern C:\MCC18\src\traditional\proc\p18F452.asm
                   STATUS   0x000fd8       data     extern C:\MCC18\src\traditional\proc\p18F452.asm
               STATUSbits   0x000fd8       data     extern C:\MCC18\src\traditional\proc\p18F452.asm
                   STKPTR   0x000ffc       data     extern C:\MCC18\src\traditional\proc\p18F452.asm
               STKPTRbits   0x000ffc       data     extern C:\MCC18\src\traditional\proc\p18F452.asm
                    T0CON   0x000fd5       data     extern C:\MCC18\src\traditional\proc\p18F452.asm
                T0CONbits   0x000fd5       data     extern C:\MCC18\src\traditional\proc\p18F452.asm
                    T1CON   0x000fcd       data     extern C:\MCC18\src\traditional\proc\p18F452.asm
                T1CONbits   0x000fcd       data     extern C:\MCC18\src\traditional\proc\p18F452.asm
                    T2CON   0x000fca       data     extern C:\MCC18\src\traditional\proc\p18F452.asm
                T2CONbits   0x000fca       data     extern C:\MCC18\src\traditional\proc\p18F452.asm
                    T3CON   0x000fb1       data     extern C:\MCC18\src\traditional\proc\p18F452.asm
                T3CONbits   0x000fb1       data     extern C:\MCC18\src\traditional\proc\p18F452.asm
                   TABLAT   0x000ff5       data     extern C:\MCC18\src\traditional\proc\p18F452.asm
                   TBLPTR   0x000ff6       data     extern C:\MCC18\src\traditional\proc\p18F452.asm
                  TBLPTRH   0x000ff7       data     extern C:\MCC18\src\traditional\proc\p18F452.asm
                  TBLPTRL   0x000ff6       data     extern C:\MCC18\src\traditional\proc\p18F452.asm
                  TBLPTRU   0x000ff8       data     extern C:\MCC18\src\traditional\proc\p18F452.asm
                    TMR0H   0x000fd7       data     extern C:\MCC18\src\traditional\proc\p18F452.asm
                    TMR0L   0x000fd6       data     extern C:\MCC18\src\traditional\proc\p18F452.asm
                    TMR1H   0x000fcf       data     extern C:\MCC18\src\traditional\proc\p18F452.asm
                    TMR1L   0x000fce       data     extern C:\MCC18\src\traditional\proc\p18F452.asm
                     TMR2   0x000fcc       data     extern C:\MCC18\src\traditional\proc\p18F452.asm
                    TMR3H   0x000fb3       data     extern C:\MCC18\src\traditional\proc\p18F452.asm
                    TMR3L   0x000fb2       data     extern C:\MCC18\src\traditional\proc\p18F452.asm
                      TOS   0x000ffd       data     extern C:\MCC18\src\traditional\proc\p18F452.asm
                     TOSH   0x000ffe       data     extern C:\MCC18\src\traditional\proc\p18F452.asm
                     TOSL   0x000ffd       data     extern C:\MCC18\src\traditional\proc\p18F452.asm
                     TOSU   0x000fff       data     extern C:\MCC18\src\traditional\proc\p18F452.asm
                    TRISA   0x000f92       data     extern C:\MCC18\src\traditional\proc\p18F452.asm
                TRISAbits   0x000f92       data     extern C:\MCC18\src\traditional\proc\p18F452.asm
                    TRISB   0x000f93       data     extern C:\MCC18\src\traditional\proc\p18F452.asm
                TRISBbits   0x000f93       data     extern C:\MCC18\src\traditional\proc\p18F452.asm
                    TRISC   0x000f94       data     extern C:\MCC18\src\traditional\proc\p18F452.asm
                TRISCbits   0x000f94       data     extern C:\MCC18\src\traditional\proc\p18F452.asm
                    TRISD   0x000f95       data     extern C:\MCC18\src\traditional\proc\p18F452.asm
                TRISDbits   0x000f95       data     extern C:\MCC18\src\traditional\proc\p18F452.asm
                    TRISE   0x000f96       data     extern C:\MCC18\src\traditional\proc\p18F452.asm
                TRISEbits   0x000f96       data     extern C:\MCC18\src\traditional\proc\p18F452.asm
                    TXREG   0x000fad       data     extern C:\MCC18\src\traditional\proc\p18F452.asm
                    TXSTA   0x000fac       data     extern C:\MCC18\src\traditional\proc\p18F452.asm
                TXSTAbits   0x000fac       data     extern C:\MCC18\src\traditional\proc\p18F452.asm
                        W   0x000fe8       data     extern C:\MCC18\src\traditional\proc\p18F452.asm
                   WDTCON   0x000fd1       data     extern C:\MCC18\src\traditional\proc\p18F452.asm
               WDTCONbits   0x000fd1       data     extern C:\MCC18\src\traditional\proc\p18F452.asm
                     WREG   0x000fe8       data     extern C:\MCC18\src\traditional\proc\p18F452.asm
                 __AARGB0   0x000009       data     extern C:\MCC18\src\traditional\math\aarg.asm
                 __AARGB1   0x000008       data     extern C:\MCC18\src\traditional\math\aarg.asm
                 __AARGB2   0x000007       data     extern C:\MCC18\src\traditional\math\aarg.asm
                 __AARGB3   0x000006       data     extern C:\MCC18\src\traditional\math\aarg.asm
                 __AARGB4   0x000005       data     extern C:\MCC18\src\traditional\math\aarg.asm
                 __AARGB5   0x000004       data     extern C:\MCC18\src\traditional\math\aarg.asm
                 __AARGB6   0x000003       data     extern C:\MCC18\src\traditional\math\aarg.asm
                 __AARGB7   0x000002       data     extern C:\MCC18\src\traditional\math\aarg.asm
                   __AEXP   0x00000a       data     extern C:\MCC18\src\traditional\math\aarg.asm
                 __BARGB0   0x00000e       data     extern C:\MCC18\src\traditional\math\barg.asm
                 __BARGB1   0x00000d       data     extern C:\MCC18\src\traditional\math\barg.asm
                 __BARGB2   0x00000c       data     extern C:\MCC18\src\traditional\math\barg.asm
                 __BARGB3   0x00000b       data     extern C:\MCC18\src\traditional\math\barg.asm
                   __BEXP   0x00000f       data     extern C:\MCC18\src\traditional\math\barg.asm
                __FPFLAGS   0x000001       data     extern C:\MCC18\src\traditional\math\cmath18.asm
            __FPFLAGSbits   0x000001       data     extern C:\MCC18\src\traditional\math\cmath18.asm
                  __REMB0   0x000005       data     extern C:\MCC18\src\traditional\math\aarg.asm
                  __REMB1   0x000004       data     extern C:\MCC18\src\traditional\math\aarg.asm
                  __REMB2   0x000003       data     extern C:\MCC18\src\traditional\math\aarg.asm
                  __REMB3   0x000002       data     extern C:\MCC18\src\traditional\math\aarg.asm
                   __TEMP   0x000013       data     extern C:\MCC18\src\traditional\math\temparg.asm
                 __TEMPB0   0x000013       data     extern C:\MCC18\src\traditional\math\temparg.asm
                 __TEMPB1   0x000012       data     extern C:\MCC18\src\traditional\math\temparg.asm
                 __TEMPB2   0x000011       data     extern C:\MCC18\src\traditional\math\temparg.asm
                 __TEMPB3   0x000010       data     extern C:\MCC18\src\traditional\math\temparg.asm
                  __tmp_0   0x000014       data     static C:\MCC18\src\traditional\stdclib\putc.c
                  __tmp_0   0x000014       data     static C:\MCC18\src\traditional\stdclib\vfprintf.c
                  __tmp_0   0x000014       data     static C:\MCC18\src\traditional\stdclib\printf.c
                  __tmp_0   0x000014       data     static Z:\Compteur Geiger\Geiger.c
                curr_byte   0x000083       data     static C:\MCC18\src\traditional\startup\c018i.c
               curr_entry   0x000085       data     static C:\MCC18\src\traditional\startup\c018i.c
                 data_ptr   0x000087       data     static C:\MCC18\src\traditional\startup\c018i.c
                     prom   0x000080       data     static C:\MCC18\src\traditional\startup\c018i.c
                   stdout   0x000090       data     extern C:\MCC18\src\traditional\stdclib\stdout.c



                              Symbols - Sorted by Address
                     Name    Address   Location    Storage File                     
                ---------  ---------  ---------  --------- ---------                
                   _entry   0x000000    program     extern C:\MCC18\src\traditional\startup\c018i.c
       ___return_lbl00000   0x000004    program     static                          
                   __init   0x000006    program     extern C:\MCC18\src\traditional\stdclib\__init.c
      InterruptVectorHigh   0x000008    program     extern Z:\Compteur Geiger\Geiger.c
       ___return_lbl00004   0x00000c    program     static                          
                     main   0x00000e    program     extern Z:\Compteur Geiger\Geiger.c
            s_put_n_chars   0x000196    program     static C:\MCC18\src\traditional\stdclib\vfprintf.c
                 vfprintf   0x0001c2    program     extern C:\MCC18\src\traditional\stdclib\vfprintf.c
              __tmplbl_85   0x0001ec    program     static                          
              __tmplbl_44   0x000a9a    program     static                          
              __tmplbl_43   0x000ab4    program     static                          
                   __pa_0   0x000ad6    program     static C:\MCC18\src\traditional\stdclib\vfprintf.c
                   __pa_1   0x000ade    program     static C:\MCC18\src\traditional\stdclib\vfprintf.c
                   __pa_2   0x000ae8    program     static C:\MCC18\src\traditional\stdclib\vfprintf.c
                   __pa_3   0x000af2    program     static C:\MCC18\src\traditional\stdclib\vfprintf.c
                   __pa_4   0x000b0a    program     static C:\MCC18\src\traditional\stdclib\vfprintf.c
                   __pa_5   0x000b1e    program     static C:\MCC18\src\traditional\stdclib\vfprintf.c
                   __pa_6   0x000b3a    program     static C:\MCC18\src\traditional\stdclib\vfprintf.c
                   __pa_7   0x000b44    program     static C:\MCC18\src\traditional\stdclib\vfprintf.c
                   __pa_8   0x000b50    program     static C:\MCC18\src\traditional\stdclib\vfprintf.c
                   __pa_9   0x000b72    program     static C:\MCC18\src\traditional\stdclib\vfprintf.c
                  __pa_10   0x000b92    program     static C:\MCC18\src\traditional\stdclib\vfprintf.c
                  __pa_11   0x000ba0    program     static C:\MCC18\src\traditional\stdclib\vfprintf.c
                  __pa_12   0x000bb6    program     static C:\MCC18\src\traditional\stdclib\vfprintf.c
                  __pa_13   0x000bd0    program     static C:\MCC18\src\traditional\stdclib\vfprintf.c
                  __pa_14   0x000be8    program     static C:\MCC18\src\traditional\stdclib\vfprintf.c
                  __pa_15   0x000bf8    program     static C:\MCC18\src\traditional\stdclib\vfprintf.c
                  __pa_16   0x000c0e    program     static C:\MCC18\src\traditional\stdclib\vfprintf.c
                  __pa_17   0x000c20    program     static C:\MCC18\src\traditional\stdclib\vfprintf.c
                  __pa_18   0x000c32    program     static C:\MCC18\src\traditional\stdclib\vfprintf.c
                  __pa_19   0x000c3c    program     static C:\MCC18\src\traditional\stdclib\vfprintf.c
                  __pa_20   0x000c4c    program     static C:\MCC18\src\traditional\stdclib\vfprintf.c
                  __pa_21   0x000c5c    program     static C:\MCC18\src\traditional\stdclib\vfprintf.c
                  __pa_22   0x000c6c    program     static C:\MCC18\src\traditional\stdclib\vfprintf.c
              __tmplbl_42   0x000c6c    program     static                          
                  __pa_23   0x000c78    program     static C:\MCC18\src\traditional\stdclib\vfprintf.c
                  __pa_24   0x000c86    program     static C:\MCC18\src\traditional\stdclib\vfprintf.c
                  __pa_25   0x000c8e    program     static C:\MCC18\src\traditional\stdclib\vfprintf.c
                  __pa_26   0x000c98    program     static C:\MCC18\src\traditional\stdclib\vfprintf.c
                  __pa_27   0x000ca2    program     static C:\MCC18\src\traditional\stdclib\vfprintf.c
                  __pa_28   0x000caa    program     static C:\MCC18\src\traditional\stdclib\vfprintf.c
                  __pa_29   0x000cb8    program     static C:\MCC18\src\traditional\stdclib\vfprintf.c
                  __pa_30   0x000cd4    program     static C:\MCC18\src\traditional\stdclib\vfprintf.c
                  __pa_31   0x000cee    program     static C:\MCC18\src\traditional\stdclib\vfprintf.c
                  __pa_32   0x000d08    program     static C:\MCC18\src\traditional\stdclib\vfprintf.c
                  __pa_33   0x000d20    program     static C:\MCC18\src\traditional\stdclib\vfprintf.c
                  __pa_34   0x000d2a    program     static C:\MCC18\src\traditional\stdclib\vfprintf.c
                  __pa_35   0x000d38    program     static C:\MCC18\src\traditional\stdclib\vfprintf.c
                  __pa_36   0x000d40    program     static C:\MCC18\src\traditional\stdclib\vfprintf.c
                  __pa_37   0x000d4a    program     static C:\MCC18\src\traditional\stdclib\vfprintf.c
                  __pa_38   0x000d5a    program     static C:\MCC18\src\traditional\stdclib\vfprintf.c
                  __pa_39   0x000d68    program     static C:\MCC18\src\traditional\stdclib\vfprintf.c
                  __pa_40   0x000d74    program     static C:\MCC18\src\traditional\stdclib\vfprintf.c
                  __pa_41   0x000d80    program     static C:\MCC18\src\traditional\stdclib\vfprintf.c
                  __pa_42   0x000d88    program     static C:\MCC18\src\traditional\stdclib\vfprintf.c
                  __pa_43   0x000d92    program     static C:\MCC18\src\traditional\stdclib\vfprintf.c
                  __pa_44   0x000d98    program     static C:\MCC18\src\traditional\stdclib\vfprintf.c
                  __pa_45   0x000da2    program     static C:\MCC18\src\traditional\stdclib\vfprintf.c
                  __pa_46   0x000dae    program     static C:\MCC18\src\traditional\stdclib\vfprintf.c
            DelayFor18TCY   0x000db8    program     extern Z:\Compteur Geiger\XLCD_PICDEM.c
             DelayPORXLCD   0x000dc4    program     extern Z:\Compteur Geiger\XLCD_PICDEM.c
                DelayXLCD   0x000dd0    program     extern Z:\Compteur Geiger\XLCD_PICDEM.c
                   Gotoxy   0x000ddc    program     extern Z:\Compteur Geiger\XLCD_PICDEM.c
               _user_putc   0x000e2e    program     extern Z:\Compteur Geiger\XLCD_PICDEM.c
                  InitLCD   0x000e54    program     extern Z:\Compteur Geiger\XLCD_PICDEM.c
                 OpenXLCD   0x000e98    program     extern Z:\Compteur Geiger\XLCD\openxlcd.c
          Configure_USART   0x000f76    program     extern Z:\Compteur Geiger\Geiger.c
                 ISR_HIGH   0x000f8c    program     extern Z:\Compteur Geiger\Geiger.c
                _do_cinit   0x001050    program     extern C:\MCC18\src\traditional\startup\c018i.c
                     test   0x00106a    program     static                          
                copy_loop   0x0010c2    program     static                          
            copy_one_byte   0x0010c8    program     static                          
             done_copying   0x0010d6    program     static                          
                     done   0x0010ec    program     static                          
       ___return_lbl00002   0x0010ec    program     static                          
                   printf   0x0010ee    program     extern C:\MCC18\src\traditional\stdclib\printf.c
                     putc   0x001186    program     extern C:\MCC18\src\traditional\stdclib\putc.c
                OpenUSART   0x00120a    program     extern C:\MCC18\src\pmc_common\USART\uopen.c
                  FXM3232   0x001284    program     extern C:\MCC18\src\traditional\math\fxm3232.c
       ___return_lbl00000   0x0012f2    program     static                          
                   strlen   0x0012f4    program     extern C:\MCC18\src\traditional\stdclib\strlen.asm
                    jLoop   0x001304    program     static C:\MCC18\src\traditional\stdclib\strlen.asm
                     jEnd   0x00130e    program     static C:\MCC18\src\traditional\stdclib\strlen.asm
                strlenpgm   0x001310    program     extern C:\MCC18\src\traditional\stdclib\slenpgm.asm
                    jLoop   0x00132e    program     static C:\MCC18\src\traditional\stdclib\slenpgm.asm
                   _2jEnd   0x001344    program     static C:\MCC18\src\traditional\stdclib\slenpgm.asm
                     jEnd   0x001346    program     static C:\MCC18\src\traditional\stdclib\slenpgm.asm
                 FXM1616S   0x00135a    program     extern C:\MCC18\src\traditional\math\fxm1616s.asm
               TSIGN1616A   0x0013a6    program     static C:\MCC18\src\traditional\math\fxm1616s.asm
             SetDDRamAddr   0x0013b4    program     extern Z:\Compteur Geiger\XLCD\setddram.c
             SetCGRamAddr   0x001406    program     extern Z:\Compteur Geiger\XLCD\setcgram.c
                putrsXLCD   0x001458    program     extern Z:\Compteur Geiger\XLCD\putrxlcd.c
            WriteDataXLCD   0x0014aa    program     extern Z:\Compteur Geiger\XLCD\writdata.c
             WriteCmdXLCD   0x0014f8    program     extern Z:\Compteur Geiger\XLCD\wcmdxlcd.c
                 putsXLCD   0x001546    program     extern Z:\Compteur Geiger\XLCD\putsxlcd.c
               OpenRB1INT   0x001594    program     extern C:\MCC18\src\pmc_common\PORTB\rb1open.c
                 FXD3232U   0x0015de    program     extern C:\MCC18\src\traditional\math\fxd3232u.c
                     loop   0x0015ec    program     static                          
                   _false   0x001620    program     static                          
       ___return_lbl00000   0x001624    program     static                          
             ReadDataXLCD   0x001626    program     extern Z:\Compteur Geiger\XLCD\readdata.c
             ReadAddrXLCD   0x00166c    program     extern Z:\Compteur Geiger\XLCD\readaddr.c
                 BusyXLCD   0x0016b2    program     extern Z:\Compteur Geiger\XLCD\busyxlcd.c
              WriteTimer0   0x0016f0    program     extern C:\MCC18\src\pmc_common\Timers\t0write.c
               OpenTimer0   0x001728    program     extern C:\MCC18\src\pmc_common\Timers\t0open.c
             Delay10KTCYx   0x001760    program     extern C:\MCC18\src\traditional\delays\d10ktcyx.asm
                    D10Kx   0x00176a    program     static C:\MCC18\src\traditional\delays\d10ktcyx.asm
                   D10K_1   0x00176c    program     static C:\MCC18\src\traditional\delays\d10ktcyx.asm
       _D10KTCYXCODE_0010   0x001770    program     static C:\MCC18\src\traditional\delays\d10ktcyx.asm
                    D10Kl   0x001778    program     static C:\MCC18\src\traditional\delays\d10ktcyx.asm
       _D10KTCYXCODE_001C   0x00177c    program     static C:\MCC18\src\traditional\delays\d10ktcyx.asm
                  isdigit   0x00178e    program     extern C:\MCC18\src\traditional\stdclib\isdigit.asm
                   jMatch   0x0017ae    program     static C:\MCC18\src\traditional\stdclib\isdigit.asm
                 jNoMatch   0x0017b0    program     static C:\MCC18\src\traditional\stdclib\isdigit.asm
              Delay1KTCYx   0x0017b2    program     extern C:\MCC18\src\traditional\delays\d1ktcyx.asm
                     D1Kx   0x0017bc    program     static C:\MCC18\src\traditional\delays\d1ktcyx.asm
                    D1K_1   0x0017be    program     static C:\MCC18\src\traditional\delays\d1ktcyx.asm
        _D1KTCYXCODE_0010   0x0017c2    program     static C:\MCC18\src\traditional\delays\d1ktcyx.asm
        _D1KTCYXCODE_0016   0x0017c8    program     static C:\MCC18\src\traditional\delays\d1ktcyx.asm
               __string_3   0x0017d2    program     static Z:\Compteur Geiger\Geiger.c
               __string_2   0x0017d9    program     static Z:\Compteur Geiger\Geiger.c
               __string_1   0x0017e0    program     static Z:\Compteur Geiger\Geiger.c
               __string_0   0x0017ea    program     static Z:\Compteur Geiger\Geiger.c
                 _startup   0x0017f2    program     extern C:\MCC18\src\traditional\startup\c018i.c
                     loop   0x001802    program     static                          
       ___return_lbl00001   0x00180c    program     static                          
              _usart_putc   0x00180e    program     extern C:\MCC18\src\pmc_common\USART\_usartpc.asm
                     loop   0x00181e    program     static C:\MCC18\src\pmc_common\USART\_usartpc.asm
              Delay10TCYx   0x00182a    program     extern C:\MCC18\src\traditional\delays\d10tcyx.asm
                     D10x   0x001832    program     static C:\MCC18\src\traditional\delays\d10tcyx.asm
        _D10TCYXCODE_000A   0x001834    program     static C:\MCC18\src\traditional\delays\d10tcyx.asm
        _D10TCYXCODE_000C   0x001836    program     static C:\MCC18\src\traditional\delays\d10tcyx.asm
        _D10TCYXCODE_000E   0x001838    program     static C:\MCC18\src\traditional\delays\d10tcyx.asm
                    D10_1   0x00183a    program     static C:\MCC18\src\traditional\delays\d10tcyx.asm
                 s_digits   0x001840    program     static C:\MCC18\src\traditional\stdclib\vfprintf.c
            __zero_memory   0x001852    program     extern C:\MCC18\src\traditional\proc\p18F452.asm
               clear_loop   0x001858    program     static C:\MCC18\src\traditional\proc\p18F452.asm
               __config_0   0x300001    program     static Z:\Compteur Geiger\Geiger.c
               __config_1   0x300002    program     static Z:\Compteur Geiger\Geiger.c
               __config_2   0x300003    program     static Z:\Compteur Geiger\Geiger.c
               __config_3   0x300006    program     static Z:\Compteur Geiger\Geiger.c
                     SIGN   0x000000       data     extern C:\MCC18\src\traditional\math\cmath18.asm
                __FPFLAGS   0x000001       data     extern C:\MCC18\src\traditional\math\cmath18.asm
            __FPFLAGSbits   0x000001       data     extern C:\MCC18\src\traditional\math\cmath18.asm
                  __REMB3   0x000002       data     extern C:\MCC18\src\traditional\math\aarg.asm
                 __AARGB7   0x000002       data     extern C:\MCC18\src\traditional\math\aarg.asm
                  __REMB2   0x000003       data     extern C:\MCC18\src\traditional\math\aarg.asm
                 __AARGB6   0x000003       data     extern C:\MCC18\src\traditional\math\aarg.asm
                  __REMB1   0x000004       data     extern C:\MCC18\src\traditional\math\aarg.asm
                 __AARGB5   0x000004       data     extern C:\MCC18\src\traditional\math\aarg.asm
                  __REMB0   0x000005       data     extern C:\MCC18\src\traditional\math\aarg.asm
                 __AARGB4   0x000005       data     extern C:\MCC18\src\traditional\math\aarg.asm
                 __AARGB3   0x000006       data     extern C:\MCC18\src\traditional\math\aarg.asm
                 __AARGB2   0x000007       data     extern C:\MCC18\src\traditional\math\aarg.asm
                 __AARGB1   0x000008       data     extern C:\MCC18\src\traditional\math\aarg.asm
                 __AARGB0   0x000009       data     extern C:\MCC18\src\traditional\math\aarg.asm
                   __AEXP   0x00000a       data     extern C:\MCC18\src\traditional\math\aarg.asm
                 __BARGB3   0x00000b       data     extern C:\MCC18\src\traditional\math\barg.asm
                 __BARGB2   0x00000c       data     extern C:\MCC18\src\traditional\math\barg.asm
                 __BARGB1   0x00000d       data     extern C:\MCC18\src\traditional\math\barg.asm
                 __BARGB0   0x00000e       data     extern C:\MCC18\src\traditional\math\barg.asm
                   __BEXP   0x00000f       data     extern C:\MCC18\src\traditional\math\barg.asm
                 __TEMPB3   0x000010       data     extern C:\MCC18\src\traditional\math\temparg.asm
                 __TEMPB2   0x000011       data     extern C:\MCC18\src\traditional\math\temparg.asm
                 __TEMPB1   0x000012       data     extern C:\MCC18\src\traditional\math\temparg.asm
                   __TEMP   0x000013       data     extern C:\MCC18\src\traditional\math\temparg.asm
                 __TEMPB0   0x000013       data     extern C:\MCC18\src\traditional\math\temparg.asm
                  __tmp_0   0x000014       data     static Z:\Compteur Geiger\Geiger.c
                  __tmp_0   0x000014       data     static C:\MCC18\src\traditional\stdclib\printf.c
                  __tmp_0   0x000014       data     static C:\MCC18\src\traditional\stdclib\vfprintf.c
                  __tmp_0   0x000014       data     static C:\MCC18\src\traditional\stdclib\putc.c
            DelayCounter2   0x00001b       data     extern C:\MCC18\src\traditional\delays\delayd2.asm
            DelayCounter1   0x00001c       data     extern C:\MCC18\src\traditional\delays\delayd1.asm
                     prom   0x000080       data     static C:\MCC18\src\traditional\startup\c018i.c
                curr_byte   0x000083       data     static C:\MCC18\src\traditional\startup\c018i.c
               curr_entry   0x000085       data     static C:\MCC18\src\traditional\startup\c018i.c
                 data_ptr   0x000087       data     static C:\MCC18\src\traditional\startup\c018i.c
                      Ctr   0x00008a       data     extern Z:\Compteur Geiger\Geiger.c
                  FlPulse   0x00008c       data     extern Z:\Compteur Geiger\Geiger.c
                  FlTimer   0x00008e       data     extern Z:\Compteur Geiger\Geiger.c
                   stdout   0x000090       data     extern C:\MCC18\src\traditional\stdclib\stdout.c
                PORTAbits   0x000f80       data     extern C:\MCC18\src\traditional\proc\p18F452.asm
                    PORTA   0x000f80       data     extern C:\MCC18\src\traditional\proc\p18F452.asm
                PORTBbits   0x000f81       data     extern C:\MCC18\src\traditional\proc\p18F452.asm
                    PORTB   0x000f81       data     extern C:\MCC18\src\traditional\proc\p18F452.asm
                PORTCbits   0x000f82       data     extern C:\MCC18\src\traditional\proc\p18F452.asm
                    PORTC   0x000f82       data     extern C:\MCC18\src\traditional\proc\p18F452.asm
                PORTDbits   0x000f83       data     extern C:\MCC18\src\traditional\proc\p18F452.asm
                    PORTD   0x000f83       data     extern C:\MCC18\src\traditional\proc\p18F452.asm
                    PORTE   0x000f84       data     extern C:\MCC18\src\traditional\proc\p18F452.asm
                PORTEbits   0x000f84       data     extern C:\MCC18\src\traditional\proc\p18F452.asm
                     LATA   0x000f89       data     extern C:\MCC18\src\traditional\proc\p18F452.asm
                 LATAbits   0x000f89       data     extern C:\MCC18\src\traditional\proc\p18F452.asm
                 LATBbits   0x000f8a       data     extern C:\MCC18\src\traditional\proc\p18F452.asm
                     LATB   0x000f8a       data     extern C:\MCC18\src\traditional\proc\p18F452.asm
                 LATCbits   0x000f8b       data     extern C:\MCC18\src\traditional\proc\p18F452.asm
                     LATC   0x000f8b       data     extern C:\MCC18\src\traditional\proc\p18F452.asm
                 LATDbits   0x000f8c       data     extern C:\MCC18\src\traditional\proc\p18F452.asm
                     LATD   0x000f8c       data     extern C:\MCC18\src\traditional\proc\p18F452.asm
                 LATEbits   0x000f8d       data     extern C:\MCC18\src\traditional\proc\p18F452.asm
                     LATE   0x000f8d       data     extern C:\MCC18\src\traditional\proc\p18F452.asm
                TRISAbits   0x000f92       data     extern C:\MCC18\src\traditional\proc\p18F452.asm
                 DDRAbits   0x000f92       data     extern C:\MCC18\src\traditional\proc\p18F452.asm
                     DDRA   0x000f92       data     extern C:\MCC18\src\traditional\proc\p18F452.asm
                    TRISA   0x000f92       data     extern C:\MCC18\src\traditional\proc\p18F452.asm
                 DDRBbits   0x000f93       data     extern C:\MCC18\src\traditional\proc\p18F452.asm
                     DDRB   0x000f93       data     extern C:\MCC18\src\traditional\proc\p18F452.asm
                    TRISB   0x000f93       data     extern C:\MCC18\src\traditional\proc\p18F452.asm
                TRISBbits   0x000f93       data     extern C:\MCC18\src\traditional\proc\p18F452.asm
                    TRISC   0x000f94       data     extern C:\MCC18\src\traditional\proc\p18F452.asm
                TRISCbits   0x000f94       data     extern C:\MCC18\src\traditional\proc\p18F452.asm
                     DDRC   0x000f94       data     extern C:\MCC18\src\traditional\proc\p18F452.asm
                 DDRCbits   0x000f94       data     extern C:\MCC18\src\traditional\proc\p18F452.asm
                     DDRD   0x000f95       data     extern C:\MCC18\src\traditional\proc\p18F452.asm
                 DDRDbits   0x000f95       data     extern C:\MCC18\src\traditional\proc\p18F452.asm
                TRISDbits   0x000f95       data     extern C:\MCC18\src\traditional\proc\p18F452.asm
                    TRISD   0x000f95       data     extern C:\MCC18\src\traditional\proc\p18F452.asm
                TRISEbits   0x000f96       data     extern C:\MCC18\src\traditional\proc\p18F452.asm
                    TRISE   0x000f96       data     extern C:\MCC18\src\traditional\proc\p18F452.asm
                     DDRE   0x000f96       data     extern C:\MCC18\src\traditional\proc\p18F452.asm
                 DDREbits   0x000f96       data     extern C:\MCC18\src\traditional\proc\p18F452.asm
                 PIE1bits   0x000f9d       data     extern C:\MCC18\src\traditional\proc\p18F452.asm
                     PIE1   0x000f9d       data     extern C:\MCC18\src\traditional\proc\p18F452.asm
                     PIR1   0x000f9e       data     extern C:\MCC18\src\traditional\proc\p18F452.asm
                 PIR1bits   0x000f9e       data     extern C:\MCC18\src\traditional\proc\p18F452.asm
                 IPR1bits   0x000f9f       data     extern C:\MCC18\src\traditional\proc\p18F452.asm
                     IPR1   0x000f9f       data     extern C:\MCC18\src\traditional\proc\p18F452.asm
                     PIE2   0x000fa0       data     extern C:\MCC18\src\traditional\proc\p18F452.asm
                 PIE2bits   0x000fa0       data     extern C:\MCC18\src\traditional\proc\p18F452.asm
                     PIR2   0x000fa1       data     extern C:\MCC18\src\traditional\proc\p18F452.asm
                 PIR2bits   0x000fa1       data     extern C:\MCC18\src\traditional\proc\p18F452.asm
                     IPR2   0x000fa2       data     extern C:\MCC18\src\traditional\proc\p18F452.asm
                 IPR2bits   0x000fa2       data     extern C:\MCC18\src\traditional\proc\p18F452.asm
                   EECON1   0x000fa6       data     extern C:\MCC18\src\traditional\proc\p18F452.asm
               EECON1bits   0x000fa6       data     extern C:\MCC18\src\traditional\proc\p18F452.asm
                   EECON2   0x000fa7       data     extern C:\MCC18\src\traditional\proc\p18F452.asm
                   EEDATA   0x000fa8       data     extern C:\MCC18\src\traditional\proc\p18F452.asm
                    EEADR   0x000fa9       data     extern C:\MCC18\src\traditional\proc\p18F452.asm
                RCSTAbits   0x000fab       data     extern C:\MCC18\src\traditional\proc\p18F452.asm
                    RCSTA   0x000fab       data     extern C:\MCC18\src\traditional\proc\p18F452.asm
                    TXSTA   0x000fac       data     extern C:\MCC18\src\traditional\proc\p18F452.asm
                TXSTAbits   0x000fac       data     extern C:\MCC18\src\traditional\proc\p18F452.asm
                    TXREG   0x000fad       data     extern C:\MCC18\src\traditional\proc\p18F452.asm
                    RCREG   0x000fae       data     extern C:\MCC18\src\traditional\proc\p18F452.asm
                    SPBRG   0x000faf       data     extern C:\MCC18\src\traditional\proc\p18F452.asm
                    T3CON   0x000fb1       data     extern C:\MCC18\src\traditional\proc\p18F452.asm
                T3CONbits   0x000fb1       data     extern C:\MCC18\src\traditional\proc\p18F452.asm
                    TMR3L   0x000fb2       data     extern C:\MCC18\src\traditional\proc\p18F452.asm
                    TMR3H   0x000fb3       data     extern C:\MCC18\src\traditional\proc\p18F452.asm
              CCP2CONbits   0x000fba       data     extern C:\MCC18\src\traditional\proc\p18F452.asm
                  CCP2CON   0x000fba       data     extern C:\MCC18\src\traditional\proc\p18F452.asm
                    CCPR2   0x000fbb       data     extern C:\MCC18\src\traditional\proc\p18F452.asm
                   CCPR2L   0x000fbb       data     extern C:\MCC18\src\traditional\proc\p18F452.asm
                   CCPR2H   0x000fbc       data     extern C:\MCC18\src\traditional\proc\p18F452.asm
                  CCP1CON   0x000fbd       data     extern C:\MCC18\src\traditional\proc\p18F452.asm
              CCP1CONbits   0x000fbd       data     extern C:\MCC18\src\traditional\proc\p18F452.asm
                   CCPR1L   0x000fbe       data     extern C:\MCC18\src\traditional\proc\p18F452.asm
                    CCPR1   0x000fbe       data     extern C:\MCC18\src\traditional\proc\p18F452.asm
                   CCPR1H   0x000fbf       data     extern C:\MCC18\src\traditional\proc\p18F452.asm
               ADCON1bits   0x000fc1       data     extern C:\MCC18\src\traditional\proc\p18F452.asm
                   ADCON1   0x000fc1       data     extern C:\MCC18\src\traditional\proc\p18F452.asm
                   ADCON0   0x000fc2       data     extern C:\MCC18\src\traditional\proc\p18F452.asm
               ADCON0bits   0x000fc2       data     extern C:\MCC18\src\traditional\proc\p18F452.asm
                    ADRES   0x000fc3       data     extern C:\MCC18\src\traditional\proc\p18F452.asm
                   ADRESL   0x000fc3       data     extern C:\MCC18\src\traditional\proc\p18F452.asm
                   ADRESH   0x000fc4       data     extern C:\MCC18\src\traditional\proc\p18F452.asm
                  SSPCON2   0x000fc5       data     extern C:\MCC18\src\traditional\proc\p18F452.asm
              SSPCON2bits   0x000fc5       data     extern C:\MCC18\src\traditional\proc\p18F452.asm
                  SSPCON1   0x000fc6       data     extern C:\MCC18\src\traditional\proc\p18F452.asm
              SSPCON1bits   0x000fc6       data     extern C:\MCC18\src\traditional\proc\p18F452.asm
                  SSPSTAT   0x000fc7       data     extern C:\MCC18\src\traditional\proc\p18F452.asm
              SSPSTATbits   0x000fc7       data     extern C:\MCC18\src\traditional\proc\p18F452.asm
                   SSPADD   0x000fc8       data     extern C:\MCC18\src\traditional\proc\p18F452.asm
                   SSPBUF   0x000fc9       data     extern C:\MCC18\src\traditional\proc\p18F452.asm
                    T2CON   0x000fca       data     extern C:\MCC18\src\traditional\proc\p18F452.asm
                T2CONbits   0x000fca       data     extern C:\MCC18\src\traditional\proc\p18F452.asm
                      PR2   0x000fcb       data     extern C:\MCC18\src\traditional\proc\p18F452.asm
                     TMR2   0x000fcc       data     extern C:\MCC18\src\traditional\proc\p18F452.asm
                    T1CON   0x000fcd       data     extern C:\MCC18\src\traditional\proc\p18F452.asm
                T1CONbits   0x000fcd       data     extern C:\MCC18\src\traditional\proc\p18F452.asm
                    TMR1L   0x000fce       data     extern C:\MCC18\src\traditional\proc\p18F452.asm
                    TMR1H   0x000fcf       data     extern C:\MCC18\src\traditional\proc\p18F452.asm
                 RCONbits   0x000fd0       data     extern C:\MCC18\src\traditional\proc\p18F452.asm
                     RCON   0x000fd0       data     extern C:\MCC18\src\traditional\proc\p18F452.asm
               WDTCONbits   0x000fd1       data     extern C:\MCC18\src\traditional\proc\p18F452.asm
                   WDTCON   0x000fd1       data     extern C:\MCC18\src\traditional\proc\p18F452.asm
                   LVDCON   0x000fd2       data     extern C:\MCC18\src\traditional\proc\p18F452.asm
               LVDCONbits   0x000fd2       data     extern C:\MCC18\src\traditional\proc\p18F452.asm
                   OSCCON   0x000fd3       data     extern C:\MCC18\src\traditional\proc\p18F452.asm
               OSCCONbits   0x000fd3       data     extern C:\MCC18\src\traditional\proc\p18F452.asm
                T0CONbits   0x000fd5       data     extern C:\MCC18\src\traditional\proc\p18F452.asm
                    T0CON   0x000fd5       data     extern C:\MCC18\src\traditional\proc\p18F452.asm
                    TMR0L   0x000fd6       data     extern C:\MCC18\src\traditional\proc\p18F452.asm
                    TMR0H   0x000fd7       data     extern C:\MCC18\src\traditional\proc\p18F452.asm
                   STATUS   0x000fd8       data     extern C:\MCC18\src\traditional\proc\p18F452.asm
               STATUSbits   0x000fd8       data     extern C:\MCC18\src\traditional\proc\p18F452.asm
                     FSR2   0x000fd9       data     extern C:\MCC18\src\traditional\proc\p18F452.asm
                    FSR2L   0x000fd9       data     extern C:\MCC18\src\traditional\proc\p18F452.asm
                    FSR2H   0x000fda       data     extern C:\MCC18\src\traditional\proc\p18F452.asm
                   PLUSW2   0x000fdb       data     extern C:\MCC18\src\traditional\proc\p18F452.asm
                  PREINC2   0x000fdc       data     extern C:\MCC18\src\traditional\proc\p18F452.asm
                 POSTDEC2   0x000fdd       data     extern C:\MCC18\src\traditional\proc\p18F452.asm
                 POSTINC2   0x000fde       data     extern C:\MCC18\src\traditional\proc\p18F452.asm
                    INDF2   0x000fdf       data     extern C:\MCC18\src\traditional\proc\p18F452.asm
                      BSR   0x000fe0       data     extern C:\MCC18\src\traditional\proc\p18F452.asm
                     FSR1   0x000fe1       data     extern C:\MCC18\src\traditional\proc\p18F452.asm
                    FSR1L   0x000fe1       data     extern C:\MCC18\src\traditional\proc\p18F452.asm
                    FSR1H   0x000fe2       data     extern C:\MCC18\src\traditional\proc\p18F452.asm
                   PLUSW1   0x000fe3       data     extern C:\MCC18\src\traditional\proc\p18F452.asm
                  PREINC1   0x000fe4       data     extern C:\MCC18\src\traditional\proc\p18F452.asm
                 POSTDEC1   0x000fe5       data     extern C:\MCC18\src\traditional\proc\p18F452.asm
                 POSTINC1   0x000fe6       data     extern C:\MCC18\src\traditional\proc\p18F452.asm
                    INDF1   0x000fe7       data     extern C:\MCC18\src\traditional\proc\p18F452.asm
                        W   0x000fe8       data     extern C:\MCC18\src\traditional\proc\p18F452.asm
                     WREG   0x000fe8       data     extern C:\MCC18\src\traditional\proc\p18F452.asm
                     FSR0   0x000fe9       data     extern C:\MCC18\src\traditional\proc\p18F452.asm
                    FSR0L   0x000fe9       data     extern C:\MCC18\src\traditional\proc\p18F452.asm
                    FSR0H   0x000fea       data     extern C:\MCC18\src\traditional\proc\p18F452.asm
                   PLUSW0   0x000feb       data     extern C:\MCC18\src\traditional\proc\p18F452.asm
                  PREINC0   0x000fec       data     extern C:\MCC18\src\traditional\proc\p18F452.asm
                 POSTDEC0   0x000fed       data     extern C:\MCC18\src\traditional\proc\p18F452.asm
                 POSTINC0   0x000fee       data     extern C:\MCC18\src\traditional\proc\p18F452.asm
                    INDF0   0x000fef       data     extern C:\MCC18\src\traditional\proc\p18F452.asm
              INTCON3bits   0x000ff0       data     extern C:\MCC18\src\traditional\proc\p18F452.asm
                  INTCON3   0x000ff0       data     extern C:\MCC18\src\traditional\proc\p18F452.asm
              INTCON2bits   0x000ff1       data     extern C:\MCC18\src\traditional\proc\p18F452.asm
                  INTCON2   0x000ff1       data     extern C:\MCC18\src\traditional\proc\p18F452.asm
               INTCONbits   0x000ff2       data     extern C:\MCC18\src\traditional\proc\p18F452.asm
                   INTCON   0x000ff2       data     extern C:\MCC18\src\traditional\proc\p18F452.asm
                     PROD   0x000ff3       data     extern C:\MCC18\src\traditional\proc\p18F452.asm
                    PRODL   0x000ff3       data     extern C:\MCC18\src\traditional\proc\p18F452.asm
                    PRODH   0x000ff4       data     extern C:\MCC18\src\traditional\proc\p18F452.asm
                   TABLAT   0x000ff5       data     extern C:\MCC18\src\traditional\proc\p18F452.asm
                  TBLPTRL   0x000ff6       data     extern C:\MCC18\src\traditional\proc\p18F452.asm
                   TBLPTR   0x000ff6       data     extern C:\MCC18\src\traditional\proc\p18F452.asm
                  TBLPTRH   0x000ff7       data     extern C:\MCC18\src\traditional\proc\p18F452.asm
                  TBLPTRU   0x000ff8       data     extern C:\MCC18\src\traditional\proc\p18F452.asm
                       PC   0x000ff9       data     extern C:\MCC18\src\traditional\proc\p18F452.asm
                      PCL   0x000ff9       data     extern C:\MCC18\src\traditional\proc\p18F452.asm
                   PCLATH   0x000ffa       data     extern C:\MCC18\src\traditional\proc\p18F452.asm
                   PCLATU   0x000ffb       data     extern C:\MCC18\src\traditional\proc\p18F452.asm
               STKPTRbits   0x000ffc       data     extern C:\MCC18\src\traditional\proc\p18F452.asm
                   STKPTR   0x000ffc       data     extern C:\MCC18\src\traditional\proc\p18F452.asm
                     TOSL   0x000ffd       data     extern C:\MCC18\src\traditional\proc\p18F452.asm
                      TOS   0x000ffd       data     extern C:\MCC18\src\traditional\proc\p18F452.asm
                     TOSH   0x000ffe       data     extern C:\MCC18\src\traditional\proc\p18F452.asm
                     TOSU   0x000fff       data     extern C:\MCC18\src\traditional\proc\p18F452.asm


